  Determining projects to restore...
  All projects are up-to-date for restore.
  SAM.API -> C:\Users\aminu\OneDrive\Documents\GitHub\SAM-Wannabe\src\SAM.API\bin\Debug\SAM.API.dll
  SAM.Core -> C:\Users\aminu\OneDrive\Documents\GitHub\SAM-Wannabe\src\SAM.Core\bin\Debug\SAM.Core.dll
C:\Users\aminu\OneDrive\Documents\GitHub\SAM-Wannabe\src\SAM.UnitTests\SteamworksManagerTests.cs(25,37): error CS1061: 'SteamworksManager.LoadAppInfoResult' does not contain a definition for 'Name' and no accessible extension method 'Name' accepting a first argument of type 'SteamworksManager.LoadAppInfoResult' could be found (are you missing a using directive or an assembly reference?) [C:\Users\aminu\OneDrive\Documents\GitHub\SAM-Wannabe\src\SAM.UnitTests\SAM.UnitTests.csproj]
C:\Users\aminu\OneDrive\Documents\GitHub\SAM-Wannabe\src\SAM.UnitTests\SteamworksManagerTests.cs(27,58): error CS1061: 'SteamworksManager.LoadAppInfoResult' does not contain a definition for 'Name' and no accessible extension method 'Name' accepting a first argument of type 'SteamworksManager.LoadAppInfoResult' could be found (are you missing a using directive or an assembly reference?) [C:\Users\aminu\OneDrive\Documents\GitHub\SAM-Wannabe\src\SAM.UnitTests\SAM.UnitTests.csproj]
C:\Users\aminu\OneDrive\Documents\GitHub\SAM-Wannabe\src\SAM.UnitTests\SteamworksManagerTests.cs(38,37): error CS1061: 'SteamworksManager.LoadAppInfoResult' does not contain a definition for 'Name' and no accessible extension method 'Name' accepting a first argument of type 'SteamworksManager.LoadAppInfoResult' could be found (are you missing a using directive or an assembly reference?) [C:\Users\aminu\OneDrive\Documents\GitHub\SAM-Wannabe\src\SAM.UnitTests\SAM.UnitTests.csproj]
C:\Users\aminu\OneDrive\Documents\GitHub\SAM-Wannabe\src\SAM.UnitTests\SteamworksManagerTests.cs(39,37): error CS1061: 'SteamworksManager.LoadAppInfoResult' does not contain a definition for 'DlcInfo' and no accessible extension method 'DlcInfo' accepting a first argument of type 'SteamworksManager.LoadAppInfoResult' could be found (are you missing a using directive or an assembly reference?) [C:\Users\aminu\OneDrive\Documents\GitHub\SAM-Wannabe\src\SAM.UnitTests\SAM.UnitTests.csproj]
C:\Users\aminu\OneDrive\Documents\GitHub\SAM-Wannabe\src\SAM.UnitTests\SteamworksManagerTests.cs(49,37): error CS1061: 'SteamworksManager.LoadAppInfoResult' does not contain a definition for 'Name' and no accessible extension method 'Name' accepting a first argument of type 'SteamworksManager.LoadAppInfoResult' could be found (are you missing a using directive or an assembly reference?) [C:\Users\aminu\OneDrive\Documents\GitHub\SAM-Wannabe\src\SAM.UnitTests\SAM.UnitTests.csproj]
C:\Users\aminu\OneDrive\Documents\GitHub\SAM-Wannabe\src\SAM.UnitTests\SteamworksManagerTests.cs(50,34): error CS1061: 'SteamworksManager.LoadAppInfoResult' does not contain a definition for 'DlcInfo' and no accessible extension method 'DlcInfo' accepting a first argument of type 'SteamworksManager.LoadAppInfoResult' could be found (are you missing a using directive or an assembly reference?) [C:\Users\aminu\OneDrive\Documents\GitHub\SAM-Wannabe\src\SAM.UnitTests\SAM.UnitTests.csproj]
C:\Users\aminu\OneDrive\Documents\GitHub\SAM-Wannabe\src\SAM.UnitTests\SteamworksManagerTests.cs(37,13): warning xUnit2002: Do not use Assert.NotNull() on value type 'SteamworksManager.LoadAppInfoResult'. Remove this assert. (https://xunit.net/xunit.analyzers/rules/xUnit2002) [C:\Users\aminu\OneDrive\Documents\GitHub\SAM-Wannabe\src\SAM.UnitTests\SAM.UnitTests.csproj]
C:\Users\aminu\OneDrive\Documents\GitHub\SAM-Wannabe\src\SAM.UnitTests\SteamworksManagerTests.cs(24,13): warning xUnit2002: Do not use Assert.NotNull() on value type 'SteamworksManager.LoadAppInfoResult'. Remove this assert. (https://xunit.net/xunit.analyzers/rules/xUnit2002) [C:\Users\aminu\OneDrive\Documents\GitHub\SAM-Wannabe\src\SAM.UnitTests\SAM.UnitTests.csproj]
C:\Users\aminu\OneDrive\Documents\GitHub\SAM-Wannabe\src\SAM.UnitTests\SteamworksManagerTests.cs(48,13): warning xUnit2002: Do not use Assert.NotNull() on value type 'SteamworksManager.LoadAppInfoResult'. Remove this assert. (https://xunit.net/xunit.analyzers/rules/xUnit2002) [C:\Users\aminu\OneDrive\Documents\GitHub\SAM-Wannabe\src\SAM.UnitTests\SAM.UnitTests.csproj]
